// Vitest Snapshot v1, https://vitest.dev/guide/snapshot.html

exports[`CitizenForm > is rendered correctly 1`] = `
"<form data-v-1916aed6="" novalidate="">
  <div data-v-209b589c="" data-v-1916aed6="" class="spacer"><small data-v-3eda92df="" data-v-1916aed6="" class="text-alignment n-800 semibold conditional__indicator"> ** - Campos condicionais. Pelo menos um deles precisa ser preenchido. </small></div>
  <div data-v-ff0b2888="" data-v-1916aed6="" class="grid">
    <div data-v-051eccea="" data-v-1916aed6="" class="grid-item">
      <cds-text-input-stub data-v-1916aed6="" label="Nome" disabled="false" state="default" inputtype="text" required="true" placeholder="Nome do usuário" errormessage="Valor inválido" fluid="true" tooltipicon="info-outline" supportingtext="" lazy="false" mobile="false" floatinglabel="false" disableautocomplete="false" name="name" rules="required|min:5" colspan="12" component="CdsTextInput" data-testid="test-name" class="field__container"></cds-text-input-stub>
    </div>
    <div data-v-051eccea="" data-v-1916aed6="" class="grid-item">
      <cds-text-input-stub data-v-1916aed6="" label="CNS" disabled="false" state="default" inputtype="text" required="true" placeholder="000 0000 0000 0000" errormessage="Valor inválido" fluid="true" mask="### #### #### ####" tooltipicon="info-outline" supportingtext="" lazy="false" mobile="false" floatinglabel="false" disableautocomplete="false" name="cns" rules="cns|required_without:@cpf" colspan="6" component="CdsTextInput" data-testid="test-cns"></cds-text-input-stub>
    </div>
    <div data-v-051eccea="" data-v-1916aed6="" class="grid-item">
      <cds-text-input-stub data-v-1916aed6="" label="CPF" disabled="false" state="default" inputtype="text" required="true" placeholder="000.000.000-00" errormessage="Valor inválido" fluid="true" mask="###.###.###-##" tooltipicon="info-outline" supportingtext="" lazy="false" mobile="false" floatinglabel="false" disableautocomplete="false" name="cpf" rules="cpf|required_without:@cns" colspan="6" component="CdsTextInput" data-testid="test-cpf"></cds-text-input-stub>
    </div>
    <div data-v-051eccea="" data-v-1916aed6="" class="grid-item">
      <cds-date-input-stub data-v-1916aed6="" label="Data de nascimento" variant="green" state="default" mode="typing" range="false" required="true" disabled="false" fluid="true" mobile="false" floatinglabel="false" showtodaydot="false" highlighttoday="false" placeholder="Selecione uma data" errormessage="Valor inválido" mindate="" maxdate="2025-12-04" tooltipicon="info-outline" supportingtext="" name="birth_date" rules="required|maxDate:2025-12-04" colspan="6" component="CdsDateInput" data-testid="test-birth_date"></cds-date-input-stub>
    </div>
    <div data-v-051eccea="" data-v-1916aed6="" class="grid-item">
      <cds-text-input-stub data-v-1916aed6="" label="CPF do responsável" disabled="false" state="default" inputtype="text" required="false" placeholder="000.000.000-00" errormessage="Valor inválido" fluid="true" mask="###.###.###-##" tooltipicon="info-outline" supportingtext="" lazy="false" mobile="false" floatinglabel="false" disableautocomplete="false" name="cpf_responsible" rules="cpf" colspan="6" component="CdsTextInput" data-testid="test-cpf_responsible" class="field__container"></cds-text-input-stub>
    </div>
    <div data-v-051eccea="" data-v-1916aed6="" class="grid-item">
      <cds-text-input-stub data-v-1916aed6="" label="RG" disabled="false" state="default" inputtype="text" required="false" placeholder="Digite aqui a informação" errormessage="Valor inválido" fluid="true" mask="###########" tooltipicon="info-outline" supportingtext="" lazy="false" mobile="false" floatinglabel="false" disableautocomplete="false" name="identification_document" rules="" colspan="6" component="CdsTextInput" data-testid="test-identification_document" class="field__container"></cds-text-input-stub>
    </div>
    <div data-v-051eccea="" data-v-1916aed6="" class="grid-item">
      <cds-text-input-stub data-v-1916aed6="" label="Orgão emissor" disabled="false" state="default" inputtype="text" required="false" placeholder="Ex.: SSP" errormessage="Valor inválido" fluid="true" tooltipicon="info-outline" supportingtext="" lazy="false" mobile="false" floatinglabel="false" disableautocomplete="false" name="issuing_agency" rules="" colspan="6" component="CdsTextInput" data-testid="test-issuing_agency" class="field__container"></cds-text-input-stub>
    </div>
    <div data-v-051eccea="" data-v-1916aed6="" class="grid-item">
      <cds-select-stub data-v-1916aed6="" label="Raça/Cor" placeholder="Selecione..." options="[object Object],[object Object],[object Object],[object Object],[object Object]" state="default" required="true" errormessage="Valor inválido" searchable="false" deepsearch="false" width="" fluid="true" disabled="false" tooltipicon="info-outline" optionsfield="name" returnvalue="false" supportingtext="" mobile="false" floatinglabel="false" addable="false" ghost="false" name="race" rules="required" colspan="4" component="CdsSelect" data-testid="test-race" class="field__container"></cds-select-stub>
    </div>
    <div data-v-051eccea="" data-v-1916aed6="" class="grid-item">
      <cds-select-stub data-v-1916aed6="" label="Sexo" placeholder="Selecione..." options="[object Object],[object Object]" state="default" required="true" errormessage="Valor inválido" searchable="false" deepsearch="false" width="" fluid="true" disabled="false" tooltipicon="info-outline" optionsfield="name" returnvalue="false" supportingtext="" mobile="false" floatinglabel="false" addable="false" ghost="false" name="gender" rules="required" colspan="4" component="CdsSelect" data-testid="test-gender" class="field__container"></cds-select-stub>
    </div>
    <div data-v-051eccea="" data-v-1916aed6="" class="grid-item pregnant__container">
      <cds-checkbox-stub data-v-1916aed6="" modelvalue="false" label="Está gestante" variant="green" indeterminate="false" prominent="false" disabled="true" name="pregnant" required="false" rules="" colspan="4" component="CdsCheckbox" data-testid="test-pregnant" state="default" class="field__container" fluid=""></cds-checkbox-stub>
    </div>
    <div data-v-051eccea="" data-v-1916aed6="" class="grid-item">
      <cds-text-input-stub data-v-1916aed6="" label="Nome da mãe" disabled="false" state="default" inputtype="text" required="true" placeholder="Nome da mãe" errormessage="Valor inválido" fluid="true" tooltipicon="info-outline" supportingtext="" lazy="false" mobile="false" floatinglabel="false" disableautocomplete="false" name="mother_name" rules="required|min:5" colspan="12" component="CdsTextInput" data-testid="test-mother_name" class="field__container"></cds-text-input-stub>
    </div>
    <div data-v-051eccea="" data-v-1916aed6="" class="grid-item">
      <cds-text-input-stub data-v-1916aed6="" label="Telefone" disabled="false" state="default" inputtype="text" required="false" placeholder="(00) 00000-0000" errormessage="Valor inválido" fluid="true" mask="(##) #####-####" tooltipicon="info-outline" supportingtext="" lazy="false" mobile="false" floatinglabel="false" disableautocomplete="false" name="phone" rules="" colspan="3" component="CdsTextInput" data-testid="test-phone" class="field__container"></cds-text-input-stub>
    </div>
    <div data-v-051eccea="" data-v-1916aed6="" class="grid-item">
      <cds-text-input-stub data-v-1916aed6="" label="Celular" disabled="false" state="default" inputtype="text" required="false" placeholder="(00) 00000-0000" errormessage="Valor inválido" fluid="true" mask="(##) #####-####" tooltipicon="info-outline" supportingtext="" lazy="false" mobile="false" floatinglabel="false" disableautocomplete="false" name="cellphone" rules="" colspan="3" component="CdsTextInput" data-testid="test-cellphone" class="field__container"></cds-text-input-stub>
    </div>
    <div data-v-051eccea="" data-v-1916aed6="" class="grid-item">
      <cds-text-input-stub data-v-1916aed6="" label="E-mail" disabled="false" state="default" inputtype="text" required="false" placeholder="seu.email@exemplo.com" errormessage="Valor inválido" fluid="true" tooltipicon="info-outline" supportingtext="" lazy="false" mobile="false" floatinglabel="false" disableautocomplete="false" name="email" rules="" colspan="6" component="CdsTextInput" data-testid="test-email" class="field__container"></cds-text-input-stub>
    </div>
    <div data-v-051eccea="" data-v-1916aed6="" class="grid-item">
      <cds-text-input-stub data-v-1916aed6="" label="CEP" disabled="false" state="default" inputtype="text" required="false" placeholder="00000-000" errormessage="Valor inválido" fluid="true" mask="#####-###" tooltipicon="info-outline" supportingtext="" lazy="false" mobile="false" floatinglabel="false" disableautocomplete="false" name="cep" rules="" colspan="3" component="CdsTextInput" data-testid="test-cep" class="field__container"></cds-text-input-stub>
    </div>
    <div data-v-051eccea="" data-v-1916aed6="" class="grid-item">
      <cds-select-stub data-v-1916aed6="" label="UF" placeholder="Selecione..." options="[object Object],[object Object],[object Object],[object Object],[object Object],[object Object],[object Object],[object Object],[object Object],[object Object],[object Object],[object Object],[object Object],[object Object],[object Object],[object Object],[object Object],[object Object],[object Object],[object Object],[object Object],[object Object],[object Object],[object Object],[object Object],[object Object],[object Object]" state="default" required="true" errormessage="Valor inválido" searchable="false" deepsearch="false" width="" fluid="true" disabled="false" tooltipicon="info-outline" optionsfield="shortName" returnvalue="false" supportingtext="" mobile="false" floatinglabel="false" addable="false" ghost="false" name="uf" rules="required" colspan="3" component="CdsSelect" data-testid="test-uf"></cds-select-stub>
    </div>
    <div data-v-051eccea="" data-v-1916aed6="" class="grid-item">
      <cds-select-stub data-v-1916aed6="" label="Cidade" placeholder="Selecione..." options="" state="default" required="true" errormessage="Valor inválido" searchable="true" deepsearch="true" width="" fluid="true" disabled="true" tooltipicon="info-outline" optionsfield="value" returnvalue="false" supportingtext="" mobile="false" floatinglabel="false" addable="false" ghost="false" name="city" rules="required" colspan="6" component="CdsSelect" data-testid="test-city"></cds-select-stub>
    </div>
    <div data-v-051eccea="" data-v-1916aed6="" class="grid-item">
      <cds-select-stub data-v-1916aed6="" label="Bairro" placeholder="Selecione..." options="" state="default" required="true" errormessage="Valor inválido" searchable="true" deepsearch="true" width="" fluid="true" disabled="true" tooltipicon="info-outline" optionsfield="value" returnvalue="false" supportingtext="" mobile="false" floatinglabel="false" addable="true" ghost="false" name="neighborhood" rules="required" colspan="4" component="CdsSelect" data-testid="test-neighborhood"></cds-select-stub>
    </div>
    <div data-v-051eccea="" data-v-1916aed6="" class="grid-item">
      <cds-select-stub data-v-1916aed6="" label="Rua" placeholder="Selecione..." options="" state="default" required="true" errormessage="Valor inválido" searchable="true" deepsearch="true" width="" fluid="true" disabled="true" tooltipicon="info-outline" optionsfield="value" returnvalue="false" supportingtext="" mobile="false" floatinglabel="false" addable="true" ghost="false" name="street" rules="required" colspan="4" component="CdsSelect" data-testid="test-street"></cds-select-stub>
    </div>
    <div data-v-051eccea="" data-v-1916aed6="" class="grid-item">
      <cds-text-input-stub data-v-1916aed6="" label="Número" disabled="false" state="default" inputtype="text" required="true" placeholder="00" errormessage="Valor inválido" fluid="true" tooltipicon="info-outline" supportingtext="" lazy="false" mobile="false" floatinglabel="false" disableautocomplete="false" name="number" rules="required" colspan="4" component="CdsTextInput" data-testid="test-number" class="field__container"></cds-text-input-stub>
    </div>
    <div data-v-051eccea="" data-v-1916aed6="" class="grid-item">
      <cds-text-input-stub data-v-1916aed6="" label="Complemento" disabled="false" state="default" inputtype="text" required="false" placeholder="Ex.: Casa, prédio..." errormessage="Valor inválido" fluid="true" tooltipicon="info-outline" supportingtext="" lazy="false" mobile="false" floatinglabel="false" disableautocomplete="false" name="complement" rules="" colspan="12" component="CdsTextInput" data-testid="test-complement" class="field__container"></cds-text-input-stub>
    </div>
  </div>
</form>"
`;
